RUNTIME ERROR: foo
	error.01.jsonnet:17:29-39	function <bananas>
	error.01.jsonnet:18:29-38	
