STATIC ERROR: error.string.unfinished.jsonnet:17:1: Unterminated string
