STATIC ERROR: error.static_error_bad_number.jsonnet:17:1: Unexpected: "." while parsing terminal
