STATIC ERROR: error.string.invalid_escape_unicode_short3.jsonnet:17:1: Malformed unicode escape character, should be hex: '
'
