STATIC ERROR: error.string.invalid_escape.jsonnet:17:1: Unknown escape sequence in string literal: 'o'
