STATIC ERROR: error.object_comprehension_local_clash.jsonnet:17:21: Duplicate local var: x
