RUNTIME ERROR: foo
	error.03.jsonnet:17:20-30	object <ErrObj>
	error.03.jsonnet:18:1-8	
