RUNTIME ERROR: foobar
	error.inside_equals_array.jsonnet:18:18-31	thunk <array_element>
	error.inside_equals_array.jsonnet:19:1-6	
