RUNTIME ERROR: foo
	error.05.jsonnet:17:20-30	object <ErrObj>
	error.05.jsonnet:18:24-29	object <anonymous>
	During manifestation	
