RUNTIME ERROR: Couldn't open import "recursive_import.jsonnet": No match locally or in the Jsonnet library path.
	error.recursive_import.jsonnet:17:13-45	
