RUNTIME ERROR: Division by zero.
	error.06.jsonnet:17:13-15	thunk <err>
	error.06.jsonnet:18:22-24	
