STATIC ERROR: error.string.invalid_escape_unicode_non_hex.jsonnet:17:1: Malformed unicode escape character, should be hex: 't'
