RUNTIME ERROR: sarcasm
	error.07.jsonnet:18:32-46	thunk <array_element>
	error.07.jsonnet:17:29-34	thunk <toxic>
	error.07.jsonnet:19:1-5	
