RUNTIME ERROR: foo
	error.04.jsonnet:17:20-30	object <anonymous>
	During manifestation	
