BeautifulSoup==3.2.0
CherryPy==3.2.0
Cython==0.15.1
FormEncode==1.2.4
JCC==2.9
Jinja2==2.5.5
M2Crypto==0.21.1
Mako==0.5.0
MarkupSafe==0.12
## FIXME: could not find svn URL in dependency_links for this package:
Ming==0.3.1dev-20120307
OMlib==0.3
PIL==1.1.7
Paste==1.7.5.1
PasteDeploy==1.5.0
PasteScript==1.7.5
Pillow==1.7.6
PyJWT==0.1.4
PyKCS11==1.2.4
Pygments==1.4
Pyrex==0.9.9
RunSnakeRun==2.0.2a1
SOAPpy==0.12.5
SimpleAES==0.2
Sphinx==1.1.3
Sphinx-PyPI-upload==0.2.1
SquareMap==1.0.1b3
WebOb==1.1rc1
WebTest==1.3.2
argparse==1.2.1
beautifulsoup4==4.1.3
blessings==1.3
bzr==2.6b1
bzr-fastimport==0.14.0.dev.0
certifi==0.0.8
chardet==1.0.1
cov-core==1.3
coverage==3.5.1
decorator==3.3.1
docutils==0.7
fastimport==0.9.2
fpconst==0.7.2
freeradius-pysaml2==0.0.7
guppy==0.1.9
hieroglyph==0.2
httplib2==0.7.1
idpproxy==0.2.0
ipython==0.12
jwt-python==0.1
libxml2-python==2.6.21
line-profiler==1.0b3
lockfile==0.9.1
lxml==2.3.3
## FIXME: could not find svn URL in dependency_links for this package:
mechanize==0.2.6.dev-20121117
memory-profiler==0.18
mock==0.8.0
moonshot==0.0.1
neo4py==0.1
nose==1.1.2
numpy==1.6.1
oauth2==1.5.211
oic==0.3.0
oictest==0.1.1
paramiko==1.7.7.1
ping==0.2
ply==3.4
pp==1.6.1
projectenv==0.0.6
py==1.4.3
pyOpenSSL==0.13
pyXMLSecurity==0.7dev
pyasn1==0.1.2
pycrypto==2.3
pyjwkest==0.1.0
pymongo==2.1.1
## FIXME: could not find svn URL in dependency_links for this package:
pyom==1.1.a.dev-r1715
pyparsing==1.5.6
pysaml2==1.0.0dev
pytest==2.0.3
pytest-cov==1.5
python-binary-memcached==0.3
python-cjson==1.0.5
python-daemon==1.5.5
python-ldap==2.4.3
python-memcached==1.47
python-openid==2.2.5
pywstrust==0.1.0
pyxmldsig==0.05
pyxmlsec==0.3.0
pyzmq==2.1.11
rdfextras==0.2-dev
rdflib==3.1.0
readline==6.2.2
registry==0.2.8
repoze.who==1.0.18
repoze.who-friendlyform==1.0.8
requests==0.10.6
rsa==3.0.1
saml2test==0.3.0
shedskin==0.9.1
suds==0.4
testtools==0.9.15
tornado==2.2
vanity==1.2.1
virtualenv==1.6.1
wsgiref==0.1.2
wstools==0.3
wxPython==2.8.12.1
wxPython-common==2.8.12.1
zope.interface==3.6.3
