test_run_not_bsubbed array 1
test_run_not_bsubbed array 2
test_run_not_bsubbed array 3
