Loading scenario and instance data
Constructing reference model and instance
Constructing scenario tree instance
Constructing scenario tree object
Scenario Tree Detail
----------------------------------------------------
Tree Nodes:

	Name=AboveAverageNode
	Stage=SecondStage
	Parent=RootNode
	Conditional probability=0.3333
	Children:
		None
	Scenarios:
		AboveAverageScenario

	Name=AverageNode
	Stage=SecondStage
	Parent=RootNode
	Conditional probability=0.3333
	Children:
		None
	Scenarios:
		AverageScenario

	Name=BelowAverageNode
	Stage=SecondStage
	Parent=RootNode
	Conditional probability=0.3333
	Children:
		None
	Scenarios:
		BelowAverageScenario

	Name=RootNode
	Stage=FirstStage
	Parent=None
	Conditional probability=1.0000
	Children:
		AboveAverageNode
		AverageNode
		BelowAverageNode
	Scenarios:
		AboveAverageScenario
		AverageScenario
		BelowAverageScenario

----------------------------------------------------
Stages:
	Name=FirstStage
	Tree Nodes: 
		RootNode
	Variables: 
		 DevotedAcreage : [*] 
	Cost Variable: 
		FirstStageCost

	Name=SecondStage
	Tree Nodes: 
		AboveAverageNode
		AverageNode
		BelowAverageNode
	Variables: 
		 QuantityPurchased : [*] 
		 QuantitySubQuotaSold : [*] 
		 QuantitySuperQuotaSold : [*] 
	Cost Variable: 
		SecondStageCost

----------------------------------------------------
Scenarios:
	Name=AboveAverageScenario
	Probability=0.3333
	Leaf node=AboveAverageNode
	Tree node sequence:
		RootNode
		AboveAverageNode

	Name=AverageScenario
	Probability=0.3333
	Leaf node=AverageNode
	Tree node sequence:
		RootNode
		AverageNode

	Name=BelowAverageScenario
	Probability=0.3333
	Leaf node=BelowAverageNode
	Tree node sequence:
		RootNode
		BelowAverageNode

----------------------------------------------------
Scenario tree is valid!
Scenario-based instance initialization enabled
Creating instance for scenario=BelowAverageScenario
Data for scenario=BelowAverageScenario loads from file=/home/jwatson/sp/pyomo/src/pyomo.pysp/examples/pysp/farmer/scenariodata/BelowAverageScenario.dat
Creating instance for scenario=AverageScenario
Data for scenario=AverageScenario loads from file=/home/jwatson/sp/pyomo/src/pyomo.pysp/examples/pysp/farmer/scenariodata/AverageScenario.dat
Creating instance for scenario=AboveAverageScenario
Data for scenario=AboveAverageScenario loads from file=/home/jwatson/sp/pyomo/src/pyomo.pysp/examples/pysp/farmer/scenariodata/AboveAverageScenario.dat
Time to construct scenario instances=0.05 seconds
Creating extensive form binding instance
Writing CVaR weighted objective
CVaR term weight=0.0
CVaR alpha=0.9

Creating variables for master binding instance
Time to construct extensive form instance=0.00 seconds
Starting to write extensive form
Output file written to file= /home/jwatson/sp/pyomo/src/pyomo.pysp/pyomo/pysp/tests/unit/test_farmer_ef_cvar.lp
Time to write output file=0.00 seconds
Time to create and write the extensive form=0.05 seconds
Total execution time=0.05 seconds
