qry1	ref1	100.00	100	0	0	1	100	901	1000	4e-50	181
qry2	ref2	100.00	100	0	0	1	100	1	100	4e-50	181
qry2	ref2	100.00	20	0	0	101	120	101	120	1e-07	37.4
qry3	ref2	100.00	19	0	0	102	120	102	120	4e-07	35.6
