{
   "foo": 3,
   "bar": 6,
   "baz": "The value 6 is large.",
   "array": [1, 2, 3, 4],
   "obj": {a: 1, b: 3, c: 4},
   "equality": false
}
